------------------------------------------------------------
Timing Analyzer Summary
------------------------------------------------------------

Type  : Slow 1100mV 85C Model Setup 'FPGA_RESET_N'
Slack : -13.576
TNS   : -31834.772

Type  : Slow 1100mV 85C Model Setup 'CLOCK_50'
Slack : -3.250
TNS   : -3.250

Type  : Slow 1100mV 85C Model Hold 'CLOCK_50'
Slack : 0.672
TNS   : 0.000

Type  : Slow 1100mV 85C Model Hold 'FPGA_RESET_N'
Slack : 1.124
TNS   : 0.000

Type  : Slow 1100mV 85C Model Minimum Pulse Width 'FPGA_RESET_N'
Slack : -0.670
TNS   : -2825.827

Type  : Slow 1100mV 85C Model Minimum Pulse Width 'CLOCK_50'
Slack : -0.618
TNS   : -1.156

Type  : Slow 1100mV 0C Model Setup 'FPGA_RESET_N'
Slack : -13.397
TNS   : -31163.432

Type  : Slow 1100mV 0C Model Setup 'CLOCK_50'
Slack : -3.237
TNS   : -3.237

Type  : Slow 1100mV 0C Model Hold 'CLOCK_50'
Slack : 0.536
TNS   : 0.000

Type  : Slow 1100mV 0C Model Hold 'FPGA_RESET_N'
Slack : 1.042
TNS   : 0.000

Type  : Slow 1100mV 0C Model Minimum Pulse Width 'FPGA_RESET_N'
Slack : -0.694
TNS   : -2917.663

Type  : Slow 1100mV 0C Model Minimum Pulse Width 'CLOCK_50'
Slack : -0.675
TNS   : -1.213

Type  : Fast 1100mV 85C Model Setup 'FPGA_RESET_N'
Slack : -7.031
TNS   : -16021.948

Type  : Fast 1100mV 85C Model Setup 'CLOCK_50'
Slack : -2.692
TNS   : -2.692

Type  : Fast 1100mV 85C Model Hold 'CLOCK_50'
Slack : 0.393
TNS   : 0.000

Type  : Fast 1100mV 85C Model Hold 'FPGA_RESET_N'
Slack : 0.487
TNS   : 0.000

Type  : Fast 1100mV 85C Model Minimum Pulse Width 'CLOCK_50'
Slack : -0.729
TNS   : -1.273

Type  : Fast 1100mV 85C Model Minimum Pulse Width 'FPGA_RESET_N'
Slack : -0.703
TNS   : -2173.764

Type  : Fast 1100mV 0C Model Setup 'FPGA_RESET_N'
Slack : -6.266
TNS   : -14167.059

Type  : Fast 1100mV 0C Model Setup 'CLOCK_50'
Slack : -2.523
TNS   : -2.523

Type  : Fast 1100mV 0C Model Hold 'CLOCK_50'
Slack : 0.308
TNS   : 0.000

Type  : Fast 1100mV 0C Model Hold 'FPGA_RESET_N'
Slack : 0.420
TNS   : 0.000

Type  : Fast 1100mV 0C Model Minimum Pulse Width 'CLOCK_50'
Slack : -0.776
TNS   : -1.425

Type  : Fast 1100mV 0C Model Minimum Pulse Width 'FPGA_RESET_N'
Slack : -0.720
TNS   : -2452.069

------------------------------------------------------------
