------------------------------------------------------------
Timing Analyzer Summary
------------------------------------------------------------

Type  : Slow 1100mV 85C Model Setup 'CLOCK_50'
Slack : -14.994
TNS   : -33126.254

Type  : Slow 1100mV 85C Model Hold 'CLOCK_50'
Slack : 1.016
TNS   : 0.000

Type  : Slow 1100mV 85C Model Minimum Pulse Width 'CLOCK_50'
Slack : -0.724
TNS   : -3098.446

Type  : Slow 1100mV 0C Model Setup 'CLOCK_50'
Slack : -14.892
TNS   : -32591.292

Type  : Slow 1100mV 0C Model Hold 'CLOCK_50'
Slack : 0.965
TNS   : 0.000

Type  : Slow 1100mV 0C Model Minimum Pulse Width 'CLOCK_50'
Slack : -0.724
TNS   : -3118.177

Type  : Fast 1100mV 85C Model Setup 'CLOCK_50'
Slack : -6.468
TNS   : -13553.037

Type  : Fast 1100mV 85C Model Hold 'CLOCK_50'
Slack : 0.405
TNS   : 0.000

Type  : Fast 1100mV 85C Model Minimum Pulse Width 'CLOCK_50'
Slack : -0.415
TNS   : -1289.875

Type  : Fast 1100mV 0C Model Setup 'CLOCK_50'
Slack : -5.664
TNS   : -11881.020

Type  : Fast 1100mV 0C Model Hold 'CLOCK_50'
Slack : 0.369
TNS   : 0.000

Type  : Fast 1100mV 0C Model Minimum Pulse Width 'CLOCK_50'
Slack : -0.451
TNS   : -1525.363

------------------------------------------------------------
