------------------------------------------------------------
Timing Analyzer Summary
------------------------------------------------------------

Type  : Slow 1100mV 85C Model Setup 'FPGA_RESET_N'
Slack : -13.864
TNS   : -32736.165

Type  : Slow 1100mV 85C Model Setup 'CLOCK_50'
Slack : -3.170
TNS   : -3.170

Type  : Slow 1100mV 85C Model Hold 'CLOCK_50'
Slack : 0.841
TNS   : 0.000

Type  : Slow 1100mV 85C Model Hold 'FPGA_RESET_N'
Slack : 0.971
TNS   : 0.000

Type  : Slow 1100mV 85C Model Minimum Pulse Width 'CLOCK_50'
Slack : -0.591
TNS   : -1.129

Type  : Slow 1100mV 85C Model Minimum Pulse Width 'FPGA_RESET_N'
Slack : -0.545
TNS   : -2608.031

Type  : Slow 1100mV 0C Model Setup 'FPGA_RESET_N'
Slack : -13.711
TNS   : -31985.970

Type  : Slow 1100mV 0C Model Setup 'CLOCK_50'
Slack : -3.179
TNS   : -3.179

Type  : Slow 1100mV 0C Model Hold 'CLOCK_50'
Slack : 0.715
TNS   : 0.000

Type  : Slow 1100mV 0C Model Hold 'FPGA_RESET_N'
Slack : 0.987
TNS   : 0.000

Type  : Slow 1100mV 0C Model Minimum Pulse Width 'CLOCK_50'
Slack : -0.660
TNS   : -1.198

Type  : Slow 1100mV 0C Model Minimum Pulse Width 'FPGA_RESET_N'
Slack : -0.638
TNS   : -2901.529

Type  : Fast 1100mV 85C Model Setup 'FPGA_RESET_N'
Slack : -7.549
TNS   : -17162.902

Type  : Fast 1100mV 85C Model Setup 'CLOCK_50'
Slack : -2.599
TNS   : -2.599

Type  : Fast 1100mV 85C Model Hold 'FPGA_RESET_N'
Slack : 0.413
TNS   : 0.000

Type  : Fast 1100mV 85C Model Hold 'CLOCK_50'
Slack : 0.475
TNS   : 0.000

Type  : Fast 1100mV 85C Model Minimum Pulse Width 'CLOCK_50'
Slack : -0.709
TNS   : -1.233

Type  : Fast 1100mV 85C Model Minimum Pulse Width 'FPGA_RESET_N'
Slack : -0.699
TNS   : -2233.672

Type  : Fast 1100mV 0C Model Setup 'FPGA_RESET_N'
Slack : -6.627
TNS   : -15001.954

Type  : Fast 1100mV 0C Model Setup 'CLOCK_50'
Slack : -2.460
TNS   : -2.460

Type  : Fast 1100mV 0C Model Hold 'CLOCK_50'
Slack : 0.365
TNS   : 0.000

Type  : Fast 1100mV 0C Model Hold 'FPGA_RESET_N'
Slack : 0.395
TNS   : 0.000

Type  : Fast 1100mV 0C Model Minimum Pulse Width 'FPGA_RESET_N'
Slack : -0.773
TNS   : -2788.615

Type  : Fast 1100mV 0C Model Minimum Pulse Width 'CLOCK_50'
Slack : -0.761
TNS   : -1.394

------------------------------------------------------------
